@ name               %03s     "seq"
@ type               %05s     "twiss"
@ title              %08s     "no-title"
@ origin             %16s     "MAD 0.9.3 OSX 64"
@ date               %08s     "12/01/21"
@ time               %08s     "22:54:15"
@ refcol             %04s     "name"
@ direction          %le       1
@ observe            %le       0
@ implicit           %b       false
@ misalign           %b       false
@ radiate            %b       false
@ deltap             %le       0
@ lost               %le       0
@ chrom              %le       1e-06
@ coupling           %b       false
@ length             %le       60
@ q1                 %le       0.75
@ q2                 %le       0.75
@ q3                 %le       0
@ dq1                %le      -0.954928351
@ dq2                %le      -0.9549283508
@ dq3                %le       0
@ alfap              %le      -5.271234262e-17
@ etap               %le      -2.61119927e-07
@ gammatr            %le      -137734850.3
@ synch_1            %le       0
@ synch_2            %le       0
@ synch_3            %le       0
@ synch_4            %le       0
@ synch_5            %le       0
@ synch_6            %le       0
@ synch_8            %le       0
* name               s                  beta11             beta22             mu1                mu2                alfa11             alfa22
$ %s                 %le                %le                %le                %le                %le                %le                %le
  "$start"            0                  34.14213562        5.857864376        0                  0                 -2.414213562        0.4142135624
  "qf"                0                  34.14213562        5.857864376        0                  0                  2.414213562       -0.4142135624
  "drift__2"          10                 5.857864376        34.14213562        0.125              0.125              0.4142135624      -2.414213562
  "qd"                10                 5.857864376        34.14213562        0.125              0.125             -0.4142135624       2.414213562
  "drift__3"          20                 34.14213562        5.857864376        0.25               0.25              -2.414213562        0.4142135624
  "qf"                20                 34.14213562        5.857864376        0.25               0.25               2.414213562       -0.4142135624
  "drift__4"          30                 5.857864376        34.14213562        0.375              0.375              0.4142135624      -2.414213562
  "qd"                30                 5.857864376        34.14213562        0.375              0.375             -0.4142135624       2.414213562
  "drift__5"          40                 34.14213562        5.857864376        0.5                0.5               -2.414213562        0.4142135624
  "qf"                40                 34.14213562        5.857864376        0.5                0.5                2.414213562       -0.4142135624
  "drift__6"          50                 5.857864376        34.14213562        0.625              0.625              0.4142135624      -2.414213562
  "qd"                50                 5.857864376        34.14213562        0.625              0.625             -0.4142135624       2.414213562
  "drift__7"          60                 34.14213562        5.857864376        0.75               0.75              -2.414213562        0.4142135624
  "$end"              60                 34.14213562        5.857864376        0.75               0.75              -2.414213562        0.4142135624
