@ NAME             %05s "TWISS"
@ TYPE             %05s "TWISS"
@ SEQUENCE         %03s "SEQ"
@ PARTICLE         %08s "POSITRON"
@ MASS             %le       0.00051099895
@ CHARGE           %le                   1
@ ENERGY           %le                   1
@ PC               %le        0.9999998694
@ GAMMA            %le         1956.951184
@ KBUNCH           %le                   1
@ BCURRENT         %le     8.005339097e-13
@ SIGE             %le               0.001
@ SIGT             %le                   1
@ NPART            %le                   1
@ EX               %le                   1
@ EY               %le                   1
@ ET               %le               0.001
@ BV_FLAG          %le                   1
@ LENGTH           %le                  60
@ ALFA             %le                   0
@ ORBIT5           %le                  -0
@ GAMMATR          %le                   0
@ Q1               %le                0.75
@ Q2               %le                0.75
@ DQ1              %le       -0.9549297832
@ DQ2              %le       -0.9549297832
@ DXMAX            %le                   0
@ DYMAX            %le                   0
@ XCOMAX           %le                   0
@ YCOMAX           %le                   0
@ BETXMAX          %le         34.14213562
@ BETYMAX          %le         34.14213562
@ XCORMS           %le                   0
@ YCORMS           %le                   0
@ DXRMS            %le                   0
@ DYRMS            %le                   0
@ DELTAP           %le                   0
@ SYNCH_1          %le                   0
@ SYNCH_2          %le                   0
@ SYNCH_3          %le                   0
@ SYNCH_4          %le                   0
@ SYNCH_5          %le                   0
@ TITLE            %08s "no-title"
@ ORIGIN           %17s "5.06.01 Darwin 64"
@ DATE             %08s "12/01/21"
@ TIME             %08s "22.54.31"
* NAME                                S               BETX               BETY                MUX                MUY               ALFX               ALFY 
$ %s                                %le                %le                %le                %le                %le                %le                %le 
 "SEQ$START"                          0        34.14213562        5.857864376                  0                  0       -2.414213562       0.4142135624
 "QF"                                 0        34.14213562        5.857864376                  0                  0        2.414213562      -0.4142135624
 "DRIFT_0"                           10        5.857864376        34.14213562              0.125              0.125       0.4142135624       -2.414213562
 "QD"                                10        5.857864376        34.14213562              0.125              0.125      -0.4142135624        2.414213562
 "DRIFT_1"                           20        34.14213562        5.857864376               0.25               0.25       -2.414213562       0.4142135624
 "QF"                                20        34.14213562        5.857864376               0.25               0.25        2.414213562      -0.4142135624
 "DRIFT_2"                           30        5.857864376        34.14213562              0.375              0.375       0.4142135624       -2.414213562
 "QD"                                30        5.857864376        34.14213562              0.375              0.375      -0.4142135624        2.414213562
 "DRIFT_3"                           40        34.14213562        5.857864376                0.5                0.5       -2.414213562       0.4142135624
 "QF"                                40        34.14213562        5.857864376                0.5                0.5        2.414213562      -0.4142135624
 "DRIFT_4"                           50        5.857864376        34.14213562              0.625              0.625       0.4142135624       -2.414213562
 "QD"                                50        5.857864376        34.14213562              0.625              0.625      -0.4142135624        2.414213562
 "DRIFT_5"                           60        34.14213562        5.857864376               0.75               0.75       -2.414213562       0.4142135624
 "SEQ$END"                           60        34.14213562        5.857864376               0.75               0.75       -2.414213562       0.4142135624
