% ../mad ex-rbend-rbarc.mad
    ____  __   ______    ______     |   Methodical Accelerator Design
     /  \/  \   /  _  \   /  _  \   |   release: 1.1.5_P (OSX 64)
    /  __   /  /  /_/ /  /  /_/ /   |   support: MAD-NG on GitHub
   /__/  /_/  /__/ /_/  /_____ /    |   licence: GNU GPL v3 (C) 2016+
                                    |   started: 2025-09-29 17:08:20

default: MADX.option.rbarc = false

*** local scope (no workspace) ***
sequence: SS, l=5
idx  kind           flg name                    l           dl      spos       upos    uds
0001 marker         0   $start                  0.000        0      0.000      0.000   0.000
0002 rbend          0   rb                      1.000        0      2.000      2.000   0.000
0003 marker         4   $end                    0.000        0      5.000      5.000   0.000
survey: seq=SS rbarc=nil
@ name               %02s     "SS"
@ type               %06s     "survey"
@ origin             %16s     "MAD 1.1.5 OSX 64"
@ date               %08s     "29/09/25"
@ time               %08s     "17:08:20"
@ refcol             %04s     "name"
@ direction          %le       1
@ observe            %le       0
@ implicit           %b       false
@ misalign           %b       false
* name               kind               s                  l                  angle
$ %s                 %s                 %le                %le                %le
  "$start"           "marker"            0                  0                  0
  "drift__1"         "drift"             2                  2                  0
  "rb"               "rbend"             3                  1                  0.5
  "drift__2"         "drift"             5                  2                  0
  "$end"             "marker"            5                  0                  0
sequence: SS, l=5
idx  kind           flg name                    l           dl      spos       upos    uds
0001 marker         0   $start                  0.000        0      0.000      0.000   0.000
0002 rbend          0   rb                      1.010        0      2.000      2.000   0.000
0003 marker         4   $end                    0.000        0      5.000      5.000   0.000
survey: seq=SS rbarc=true
@ name               %02s     "SS"
@ type               %06s     "survey"
@ origin             %16s     "MAD 1.1.5 OSX 64"
@ date               %08s     "29/09/25"
@ time               %08s     "17:08:20"
@ refcol             %04s     "name"
@ direction          %le       1
@ observe            %le       0
@ implicit           %b       false
@ misalign           %b       false
* name               kind               s                  l                  angle
$ %s                 %s                 %le                %le                %le
  "$start"           "marker"            0                  0                  0
  "drift__1"         "drift"             2                  2                  0
  "rb"               "rbend"             3.010493125        1.010493125        0.5
  "drift__2"         "drift"             5                  1.989506875        0
  "$end"             "marker"            5                  0                  0
survey: seq=SS rbarc=false
@ name               %02s     "SS"
@ type               %06s     "survey"
@ origin             %16s     "MAD 1.1.5 OSX 64"
@ date               %08s     "29/09/25"
@ time               %08s     "17:08:20"
@ refcol             %04s     "name"
@ direction          %le       1
@ observe            %le       0
@ implicit           %b       false
@ misalign           %b       false
* name               kind               s                  l                  angle
$ %s                 %s                 %le                %le                %le
  "$start"           "marker"            0                  0                  0
  "drift__1"         "drift"             2                  2                  0
  "rb"               "rbend"             3.010493125        1.010493125        0.5
  "drift__2"         "drift"             5                  1.989506875        0
  "$end"             "marker"            5                  0                  0

*** MADX-like workspace direct ***
survey: seq=ss rbarc=nil
@ name               %02s     "ss"
@ type               %06s     "survey"
@ origin             %16s     "MAD 1.1.5 OSX 64"
@ date               %08s     "29/09/25"
@ time               %08s     "17:08:20"
@ refcol             %04s     "name"
@ direction          %le       1
@ observe            %le       0
@ implicit           %b       false
@ misalign           %b       false
* name               kind               s                  l                  angle
$ %s                 %s                 %le                %le                %le
  "$start"           "marker"            0                  0                  0
  "drift__1"         "drift"             2                  2                  0
  "rb"               "rbend"             3                  1                  0.5
  "drift__2"         "drift"             5                  2                  0
  "$end"             "marker"            5                  0                  0
survey: seq=ss rbarc=true
@ name               %02s     "ss"
@ type               %06s     "survey"
@ origin             %16s     "MAD 1.1.5 OSX 64"
@ date               %08s     "29/09/25"
@ time               %08s     "17:08:20"
@ refcol             %04s     "name"
@ direction          %le       1
@ observe            %le       0
@ implicit           %b       false
@ misalign           %b       false
* name               kind               s                  l                  angle
$ %s                 %s                 %le                %le                %le
  "$start"           "marker"            0                  0                  0
  "drift__1"         "drift"             2                  2                  0
  "rb"               "rbend"             3.010493125        1.010493125        0.5
  "drift__2"         "drift"             5                  1.989506875        0
  "$end"             "marker"            5                  0                  0

*** MADX-like workspace load ***
survey: seq=SS rbarc=true
@ name               %02s     "SS"
@ type               %06s     "survey"
@ origin             %16s     "MAD 1.1.5 OSX 64"
@ date               %08s     "29/09/25"
@ time               %08s     "17:08:20"
@ refcol             %04s     "name"
@ direction          %le       1
@ observe            %le       0
@ implicit           %b       false
@ misalign           %b       false
* name               kind               s                  l                  angle
$ %s                 %s                 %le                %le                %le
  "$start"           "marker"            0                  0                  0
  "drift__1"         "drift"             2                  2                  0
  "RB"               "rbend"             3.010493125        1.010493125        0.5
  "drift__2"         "drift"             5                  1.989506875        0
  "$end"             "marker"            5                  0                  0

*** MADX-like workspace direct ***
survey: seq=ss rbarc=true
@ name               %02s     "ss"
@ type               %06s     "survey"
@ origin             %16s     "MAD 1.1.5 OSX 64"
@ date               %08s     "29/09/25"
@ time               %08s     "17:08:20"
@ refcol             %04s     "name"
@ direction          %le       1
@ observe            %le       0
@ implicit           %b       false
@ misalign           %b       false
* name               kind               s                  l                  angle
$ %s                 %s                 %le                %le                %le
  "$start"           "marker"            0                  0                  0
  "drift__1"         "drift"             2                  2                  0
  "rb"               "rbend"             3.010493125        1.010493125        0.5
  "drift__2"         "drift"             5                  1.989506875        0
  "$end"             "marker"            5                  0                  0

*** MADX-like workspace load + global ***
survey: seq=SS rbarc=true
@ name               %02s     "SS"
@ type               %06s     "survey"
@ origin             %16s     "MAD 1.1.5 OSX 64"
@ date               %08s     "29/09/25"
@ time               %08s     "17:08:20"
@ refcol             %04s     "name"
@ direction          %le       1
@ observe            %le       0
@ implicit           %b       false
@ misalign           %b       false
* name               kind               s                  l                  angle
$ %s                 %s                 %le                %le                %le
  "$start"           "marker"            0                  0                  0
  "drift__1"         "drift"             2                  2                  0
  "RB"               "rbend"             3.010493125        1.010493125        0.5
  "drift__2"         "drift"             5                  1.989506875        0
  "$end"             "marker"            5                  0                  0
ldeniau@macbe17110 ex-rbend-rbarc % 
