@ name               %03s     "seq"
@ type               %06s     "survey"
@ title              %08s     "no-title"
@ origin             %16s     "MAD 0.9.3 OSX 64"
@ date               %08s     "12/01/21"
@ time               %08s     "22:32:44"
@ refcol             %04s     "name"
@ direction          %le      -1
@ observe            %le       0
@ implicit           %b       false
@ misalign           %b       false
* name               kind               s                  l                  angle              tilt               x                  y                  z                  theta              phi                psi                slc                turn               tdir               eidx
$ %s                 %s                 %le                %le                %le                %le                %le                %le                %le                %le                %le                %le                %le                %le                %le                %le
  "$end"             "marker"            0                  0                  0                  0                  0                  0                  0                  0                  0                  0                 -2                  1                 -1                  62
  "drift__62"        "drift"            -1                 -1                  0                  0                  0                  0                 -1                  0                  0                  0                 -2                  2                 -1                  61.5
  "b2"               "sbend"            -3                 -2                 -0.3141592654       0                 -0.3115838946       0                 -2.967263286        0.3141592654       0                  0                 -2                  3                 -1                  61
  "drift__61"        "drift"            -3.5               -0.5                0                  0                 -0.4660923917       0                 -3.442791544        0.3141592654       0                  0                 -2                  3                 -1                  60.5
  "sd"               "sextupole"        -4                 -0.5                0                  0                 -0.6206008889       0                 -3.918319802        0.3141592654       0                  0                 -2                  3                 -1                  60
  "qd"               "quadrupole"       -5                 -1                  0                  0                 -0.9296178833       0                 -4.869376319        0.3141592654       0                  0                 -2                  3                 -1                  59
  "drift__59"        "drift"            -6                 -1                  0                  0                 -1.238634878        0                 -5.820432835        0.3141592654       0                  0                 -2                  3                 -1                  58.5
  "b1"               "sbend"            -8                 -2                 -0.3141592654       0                 -2.142886559        0                 -7.595126684        0.6283185307       0                  0                 -2                  3                 -1                  58
  "drift__58"        "drift"            -8.5               -0.5                0                  0                 -2.436779185        0                 -7.999635181        0.6283185307       0                  0                 -2                  3                 -1                  57.5
  "sf"               "sextupole"        -9                 -0.5                0                  0                 -2.730671811        0                 -8.404143678        0.6283185307       0                  0                 -2                  3                 -1                  57
  "qf"               "quadrupole"       -10                -1                  0                  0                 -3.318457063        0                 -9.213160673        0.6283185307       0                  0                 -2                  3                 -1                  56
  "drift__56"        "drift"            -11                -1                  0                  0                 -3.906242316        0                 -10.02217767        0.6283185307       0                  0                 -2                  3                 -1                  55.5
  "b2"               "sbend"            -13                -2                 -0.3141592654       0                 -5.314647329        0                 -11.43058268        0.9424777961       0                  0                 -2                  3                 -1                  55
  "drift__55"        "drift"            -13.5              -0.5                0                  0                 -5.719155826        0                 -11.72447531        0.9424777961       0                  0                 -2                  3                 -1                  54.5
  "sd"               "sextupole"        -14                -0.5                0                  0                 -6.123664323        0                 -12.01836793        0.9424777961       0                  0                 -2                  3                 -1                  54
  "qd"               "quadrupole"       -15                -1                  0                  0                 -6.932681317        0                 -12.60615318        0.9424777961       0                  0                 -2                  3                 -1                  53
  "drift__53"        "drift"            -16                -1                  0                  0                 -7.741698312        0                 -13.19393844        0.9424777961       0                  0                 -2                  3                 -1                  52.5
  "b1"               "sbend"            -18                -2                 -0.3141592654       0                 -9.516392161        0                 -14.09819012        1.256637061        0                  0                 -2                  3                 -1                  52
  "drift__52"        "drift"            -18.5              -0.5                0                  0                 -9.991920419        0                 -14.25269862        1.256637061        0                  0                 -2                  3                 -1                  51.5
  "sf"               "sextupole"        -19                -0.5                0                  0                 -10.46744868        0                 -14.40720711        1.256637061        0                  0                 -2                  3                 -1                  51
  "qf"               "quadrupole"       -20                -1                  0                  0                 -11.41850519        0                 -14.71622411        1.256637061        0                  0                 -2                  3                 -1                  50
  "drift__50"        "drift"            -21                -1                  0                  0                 -12.36956171        0                 -15.0252411         1.256637061        0                  0                 -2                  3                 -1                  49.5
  "b2"               "sbend"            -23                -2                 -0.3141592654       0                 -14.336825          0                 -15.336825          1.570796327        0                  0                 -2                  3                 -1                  49
  "drift__49"        "drift"            -23.5              -0.5                0                  0                 -14.836825          0                 -15.336825          1.570796327        0                  0                 -2                  3                 -1                  48.5
  "sd"               "sextupole"        -24                -0.5                0                  0                 -15.336825          0                 -15.336825          1.570796327        0                  0                 -2                  3                 -1                  48
  "qd"               "quadrupole"       -25                -1                  0                  0                 -16.336825          0                 -15.336825          1.570796327        0                  0                 -2                  3                 -1                  47
  "drift__47"        "drift"            -26                -1                  0                  0                 -17.336825          0                 -15.336825          1.570796327        0                  0                 -2                  3                 -1                  46.5
  "b1"               "sbend"            -28                -2                 -0.3141592654       0                 -19.30408828        0                 -15.0252411         1.884955592        0                  0                 -2                  3                 -1                  46
  "drift__46"        "drift"            -28.5              -0.5                0                  0                 -19.77961654        0                 -14.8707326         1.884955592        0                  0                 -2                  3                 -1                  45.5
  "sf"               "sextupole"        -29                -0.5                0                  0                 -20.2551448         0                 -14.71622411        1.884955592        0                  0                 -2                  3                 -1                  45
  "qf"               "quadrupole"       -30                -1                  0                  0                 -21.20620131        0                 -14.40720711        1.884955592        0                  0                 -2                  3                 -1                  44
  "drift__44"        "drift"            -31                -1                  0                  0                 -22.15725783        0                 -14.09819012        1.884955592        0                  0                 -2                  3                 -1                  43.5
  "b2"               "sbend"            -33                -2                 -0.3141592654       0                 -23.93195168        0                 -13.19393844        2.199114858        0                  0                 -2                  3                 -1                  43
  "drift__43"        "drift"            -33.5              -0.5                0                  0                 -24.33646018        0                 -12.90004581        2.199114858        0                  0                 -2                  3                 -1                  42.5
  "sd"               "sextupole"        -34                -0.5                0                  0                 -24.74096867        0                 -12.60615318        2.199114858        0                  0                 -2                  3                 -1                  42
  "qd"               "quadrupole"       -35                -1                  0                  0                 -25.54998567        0                 -12.01836793        2.199114858        0                  0                 -2                  3                 -1                  41
  "drift__41"        "drift"            -36                -1                  0                  0                 -26.35900266        0                 -11.43058268        2.199114858        0                  0                 -2                  3                 -1                  40.5
  "b1"               "sbend"            -38                -2                 -0.3141592654       0                 -27.76740768        0                 -10.02217767        2.513274123        0                  0                 -2                  3                 -1                  40
  "drift__40"        "drift"            -38.5              -0.5                0                  0                 -28.0613003         0                 -9.61766917         2.513274123        0                  0                 -2                  3                 -1                  39.5
  "sf"               "sextupole"        -39                -0.5                0                  0                 -28.35519293        0                 -9.213160673        2.513274123        0                  0                 -2                  3                 -1                  39
  "qf"               "quadrupole"       -40                -1                  0                  0                 -28.94297818        0                 -8.404143678        2.513274123        0                  0                 -2                  3                 -1                  38
  "drift__38"        "drift"            -41                -1                  0                  0                 -29.53076343        0                 -7.595126684        2.513274123        0                  0                 -2                  3                 -1                  37.5
  "b2"               "sbend"            -43                -2                 -0.3141592654       0                 -30.43501511        0                 -5.820432835        2.827433388        0                  0                 -2                  3                 -1                  37
  "drift__37"        "drift"            -43.5              -0.5                0                  0                 -30.58952361        0                 -5.344904577        2.827433388        0                  0                 -2                  3                 -1                  36.5
  "sd"               "sextupole"        -44                -0.5                0                  0                 -30.74403211        0                 -4.869376319        2.827433388        0                  0                 -2                  3                 -1                  36
  "qd"               "quadrupole"       -45                -1                  0                  0                 -31.0530491         0                 -3.918319802        2.827433388        0                  0                 -2                  3                 -1                  35
  "drift__35"        "drift"            -46                -1                  0                  0                 -31.3620661         0                 -2.967263286        2.827433388        0                  0                 -2                  3                 -1                  34.5
  "b1"               "sbend"            -48                -2                 -0.3141592654       0                 -31.67364999        0                 -1                  3.141592654        0                  0                 -2                  3                 -1                  34
  "drift__34"        "drift"            -48.5              -0.5                0                  0                 -31.67364999        0                 -0.5                3.141592654        0                  0                 -2                  3                 -1                  33.5
  "sf"               "sextupole"        -49                -0.5                0                  0                 -31.67364999        0                 -8.326672685e-16    3.141592654        0                  0                 -2                  3                 -1                  33
  "qf"               "quadrupole"       -50                -1                  0                  0                 -31.67364999        0                  1                  3.141592654        0                  0                 -2                  3                 -1                  32
  "drift__32"        "drift"            -51                -1                  0                  0                 -31.67364999        0                  2                  3.141592654        0                  0                 -2                  3                 -1                  31.5
  "b2"               "sbend"            -53                -2                 -0.3141592654       0                 -31.3620661         0                  3.967263286        3.455751919        0                  0                 -2                  3                 -1                  31
  "drift__31"        "drift"            -53.5              -0.5                0                  0                 -31.2075576         0                  4.442791544        3.455751919        0                  0                 -2                  3                 -1                  30.5
  "sd"               "sextupole"        -54                -0.5                0                  0                 -31.0530491         0                  4.918319802        3.455751919        0                  0                 -2                  3                 -1                  30
  "qd"               "quadrupole"       -55                -1                  0                  0                 -30.74403211        0                  5.869376319        3.455751919        0                  0                 -2                  3                 -1                  29
  "drift__29"        "drift"            -56                -1                  0                  0                 -30.43501511        0                  6.820432835        3.455751919        0                  0                 -2                  3                 -1                  28.5
  "b1"               "sbend"            -58                -2                 -0.3141592654       0                 -29.53076343        0                  8.595126684        3.769911184        0                  0                 -2                  3                 -1                  28
  "drift__28"        "drift"            -58.5              -0.5                0                  0                 -29.23687081        0                  8.999635181        3.769911184        0                  0                 -2                  3                 -1                  27.5
  "sf"               "sextupole"        -59                -0.5                0                  0                 -28.94297818        0                  9.404143678        3.769911184        0                  0                 -2                  3                 -1                  27
  "qf"               "quadrupole"       -60                -1                  0                  0                 -28.35519293        0                  10.21316067        3.769911184        0                  0                 -2                  3                 -1                  26
  "drift__26"        "drift"            -61                -1                  0                  0                 -27.76740768        0                  11.02217767        3.769911184        0                  0                 -2                  3                 -1                  25.5
  "b2"               "sbend"            -63                -2                 -0.3141592654       0                 -26.35900266        0                  12.43058268        4.08407045         0                  0                 -2                  3                 -1                  25
  "drift__25"        "drift"            -63.5              -0.5                0                  0                 -25.95449417        0                  12.72447531        4.08407045         0                  0                 -2                  3                 -1                  24.5
  "sd"               "sextupole"        -64                -0.5                0                  0                 -25.54998567        0                  13.01836793        4.08407045         0                  0                 -2                  3                 -1                  24
  "qd"               "quadrupole"       -65                -1                  0                  0                 -24.74096867        0                  13.60615318        4.08407045         0                  0                 -2                  3                 -1                  23
  "drift__23"        "drift"            -66                -1                  0                  0                 -23.93195168        0                  14.19393844        4.08407045         0                  0                 -2                  3                 -1                  22.5
  "b1"               "sbend"            -68                -2                 -0.3141592654       0                 -22.15725783        0                  15.09819012        4.398229715        0                  0                 -2                  3                 -1                  22
  "drift__22"        "drift"            -68.5              -0.5                0                  0                 -21.68172957        0                  15.25269862        4.398229715        0                  0                 -2                  3                 -1                  21.5
  "sf"               "sextupole"        -69                -0.5                0                  0                 -21.20620131        0                  15.40720711        4.398229715        0                  0                 -2                  3                 -1                  21
  "qf"               "quadrupole"       -70                -1                  0                  0                 -20.2551448         0                  15.71622411        4.398229715        0                  0                 -2                  3                 -1                  20
  "drift__20"        "drift"            -71                -1                  0                  0                 -19.30408828        0                  16.0252411         4.398229715        0                  0                 -2                  3                 -1                  19.5
  "b2"               "sbend"            -73                -2                 -0.3141592654       0                 -17.336825          0                  16.336825          4.71238898         0                  0                 -2                  3                 -1                  19
  "drift__19"        "drift"            -73.5              -0.5                0                  0                 -16.836825          0                  16.336825          4.71238898         0                  0                 -2                  3                 -1                  18.5
  "sd"               "sextupole"        -74                -0.5                0                  0                 -16.336825          0                  16.336825          4.71238898         0                  0                 -2                  3                 -1                  18
  "qd"               "quadrupole"       -75                -1                  0                  0                 -15.336825          0                  16.336825          4.71238898         0                  0                 -2                  3                 -1                  17
  "drift__17"        "drift"            -76                -1                  0                  0                 -14.336825          0                  16.336825          4.71238898         0                  0                 -2                  3                 -1                  16.5
  "b1"               "sbend"            -78                -2                 -0.3141592654       0                 -12.36956171        0                  16.0252411         5.026548246        0                  0                 -2                  3                 -1                  16
  "drift__16"        "drift"            -78.5              -0.5                0                  0                 -11.89403345        0                  15.8707326         5.026548246        0                  0                 -2                  3                 -1                  15.5
  "sf"               "sextupole"        -79                -0.5                0                  0                 -11.41850519        0                  15.71622411        5.026548246        0                  0                 -2                  3                 -1                  15
  "qf"               "quadrupole"       -80                -1                  0                  0                 -10.46744868        0                  15.40720711        5.026548246        0                  0                 -2                  3                 -1                  14
  "drift__14"        "drift"            -81                -1                  0                  0                 -9.516392161        0                  15.09819012        5.026548246        0                  0                 -2                  3                 -1                  13.5
  "b2"               "sbend"            -83                -2                 -0.3141592654       0                 -7.741698312        0                  14.19393844        5.340707511        0                  0                 -2                  3                 -1                  13
  "drift__13"        "drift"            -83.5              -0.5                0                  0                 -7.337189814        0                  13.90004581        5.340707511        0                  0                 -2                  3                 -1                  12.5
  "sd"               "sextupole"        -84                -0.5                0                  0                 -6.932681317        0                  13.60615318        5.340707511        0                  0                 -2                  3                 -1                  12
  "qd"               "quadrupole"       -85                -1                  0                  0                 -6.123664323        0                  13.01836793        5.340707511        0                  0                 -2                  3                 -1                  11
  "drift__11"        "drift"            -86                -1                  0                  0                 -5.314647329        0                  12.43058268        5.340707511        0                  0                 -2                  3                 -1                  10.5
  "b1"               "sbend"            -88                -2                 -0.3141592654       0                 -3.906242316        0                  11.02217767        5.654866776        0                  0                 -2                  3                 -1                  10
  "drift__10"        "drift"            -88.5              -0.5                0                  0                 -3.61234969         0                  10.61766917        5.654866776        0                  0                 -2                  3                 -1                  9.5
  "sf"               "sextupole"        -89                -0.5                0                  0                 -3.318457063        0                  10.21316067        5.654866776        0                  0                 -2                  3                 -1                  9
  "qf"               "quadrupole"       -90                -1                  0                  0                 -2.730671811        0                  9.404143678        5.654866776        0                  0                 -2                  3                 -1                  8
  "drift__8"         "drift"            -91                -1                  0                  0                 -2.142886559        0                  8.595126684        5.654866776        0                  0                 -2                  3                 -1                  7.5
  "b2"               "sbend"            -93                -2                 -0.3141592654       0                 -1.238634878        0                  6.820432835        5.969026042        0                  0                 -2                  3                 -1                  7
  "drift__7"         "drift"            -93.5              -0.5                0                  0                 -1.08412638         0                  6.344904577        5.969026042        0                  0                 -2                  3                 -1                  6.5
  "sd"               "sextupole"        -94                -0.5                0                  0                 -0.9296178833       0                  5.869376319        5.969026042        0                  0                 -2                  3                 -1                  6
  "qd"               "quadrupole"       -95                -1                  0                  0                 -0.6206008889       0                  4.918319802        5.969026042        0                  0                 -2                  3                 -1                  5
  "drift__5"         "drift"            -96                -1                  0                  0                 -0.3115838946       0                  3.967263286        5.969026042        0                  0                 -2                  3                 -1                  4.5
  "b1"               "sbend"            -98                -2                 -0.3141592654       0                 -2.831068713e-15    0                  2                  6.283185307        0                  0                 -2                  3                 -1                  4
  "drift__4"         "drift"            -98.5              -0.5                0                  0                 -2.634889387e-15    0                  1.5                6.283185307        0                  0                 -2                  3                 -1                  3.5
  "sf"               "sextupole"        -99                -0.5                0                  0                 -2.438710061e-15    0                  1                  6.283185307        0                  0                 -2                  3                 -1                  3
  "qf"               "quadrupole"       -100               -1                  0                  0                 -2.04635141e-15     0                  2.997602166e-15    6.283185307        0                  0                 -2                  3                 -1                  2
  "$start"           "marker"           -100                0                  0                  0                 -2.04635141e-15     0                  2.997602166e-15    6.283185307        0                  0                 -2                  3                 -1                  1
